// Jest Snapshot v1, https://goo.gl/fbAQLP

exports[`SearchResults Tests matches a snapshot 1`] = `<ul />`;
