// Jest Snapshot v1, https://goo.gl/fbAQLP

exports[`App matches a snapshot 1`] = `
Array [
  <h1>
    Sup Searchie
  </h1>,
  <form
    onSubmit={[Function]}
  >
    <input
      name="query"
      onChange={[Function]}
      type="text"
    />
    <button>
      Yo
    </button>
  </form>,
  <ul />,
]
`;
