// Jest Snapshot v1, https://goo.gl/fbAQLP

exports[`Songs matches a snapshot 1`] = `
Array [
  <button
    onClick={[Function]}
  >
     Get Songs
  </button>,
  <h1>
     
     
  </h1>,
]
`;
