// Jest Snapshot v1, https://goo.gl/fbAQLP

exports[`Artists renders a list of artist works 1`] = `<ul />`;
