// Jest Snapshot v1, https://goo.gl/fbAQLP

exports[`App matches a snapshot 1`] = `
<form
  onSubmit={[Function]}
>
  <label>
    <input
      name="artistToSearch"
      onChange={[Function]}
      type="text"
      value=""
    />
  </label>
  <button>
    Search
  </button>
</form>
`;
