// Jest Snapshot v1, https://goo.gl/fbAQLP

exports[`Artist matches a snapshot 1`] = `
<div
  className="artist"
>
  <h1>
    
  </h1>
  <ul />
</div>
`;
