// Jest Snapshot v1, https://goo.gl/fbAQLP

exports[`Lyrics matches a snapshot 1`] = `
Array [
  <p>
    
  </p>,
  <a
    href="/"
    onClick={[Function]}
  >
    Return to search
  </a>,
]
`;
